// Jest Snapshot v1, https://goo.gl/fbAQLP

exports[`parseEnumCode should spec 2`] = `
"export const enum RoleType {
  /**
   * 开发者
   */
  DEVELOPER = 1,
  /**
   * 管理xx
   */
  ADMIN = 0xee,
  /**
   * 用户
   */
  USER = 0b1,
  /**
   * 用户
   */
  USER_X = 's',
}
export const RoleTypeOptions = [
  { label: \\"开发者\\", value: RoleType[\\"DEVELOPER\\"] },
  { label: \\"管理xx\\", value: RoleType[\\"ADMIN\\"] },
  { label: \\"用户\\", value: RoleType[\\"USER\\"] },
  { label: \\"用户\\", value: RoleType[\\"USER_X\\"] },
]"
`;
